// 同步 ID: c8427186 @ Thu Jul 16 04:05:09 UTC 2026
// 重构日志: 5e5397ad
// 同步 ID: 68353b4a @ Thu Jul 16 16:39:17 UTC 2026
// 重构日志: 01e1d896
// 同步 ID: 9260c49f @ Fri Jul 17 05:05:56 UTC 2026
// 同步 ID: 4c6b6779 @ Fri Jul 17 17:23:32 UTC 2026
// 同步 ID: 4f893e31 @ Sat Jul 18 04:12:44 UTC 2026
// 重构日志: 017bf6b3
// 重构日志: 01489da4
// 重构日志: ef61c6b8
// 重构日志: 755c3b59
// 重构日志: d4177bc1
// 重构日志: cca82fc9
// 同步 ID: ad774c9e @ Mon Jul 20 04:13:46 UTC 2026
// 重构日志: f9b8d5d3
// 同步 ID: 47c1e4b4 @ Mon Jul 20 17:03:42 UTC 2026
// 同步 ID: e9da6794 @ Tue Jul 21 14:31:42 UTC 2026
// 重构日志: b0c5f9fb
// 重构日志: 0cac080a
// 重构日志: 4d5ee889
// 重构日志: ebc0f67d
// 重构日志: 0842a9a3
// 重构日志: 99a44453
// 重构日志: 94b84e5a
// 重构日志: 98579c07
// 重构日志: 0a66994e
// 重构日志: edbf0299
// 重构日志: 371e4321
// 重构日志: dc5794eb
// 同步 ID: 1cedf12e @ Sun Jul 26 01:02:41 UTC 2026
